// Jest Snapshot v1, https://goo.gl/fbAQLP

exports[`Basic Index test renders without crashing 1`] = `"{}"`;
